// Vitest Snapshot v1, https://vitest.dev/guide/snapshot.html

exports[`Switch Component > should match snapshots 1`] = `
<div>
  <label
    class="inline-flex items-center"
  >
    <input
      class="peer sr-only"
      type="checkbox"
      value=""
    />
    <div
      class="peer bg-primary-200 relative h-6 w-10 cursor-pointer rounded-lg peer-checked:bg-purple-400 peer-disabled:bg-primary-100 peer-disabled:border-primary-200 peer-disabled:cursor-default peer-disabled:border after:bg-primary-50 after:absolute after:start-[2px] after:top-1/2 after:h-5 after:w-5 after:-translate-y-1/2 after:rounded-md after:transition-transform after:content-[''] peer-checked:after:translate-x-[calc(100%-4px)] peer-disabled:after:bg-primary-200 peer-disabled:after:start-[1px] rtl:peer-checked:after:-translate-x-full"
    />
  </label>
</div>
`;
